--include-from=bazel/utils/with-decorated-wrapper.files_to_copy --delete -avrz --progress --copy-unsafe-links --smile --exclude=external .. non-existant-machine-1.corp:santa-coming/__bazel_utils_hello-world/
--include-from=bazel/utils/with-decorated-wrapper.files_to_copy --delete -avrz --progress --copy-unsafe-links --smile --exclude=external .. non-existant-machine-2.corp:santa-coming/__bazel_utils_hello-world/
